
> cuanin@0.1.0 typecheck
> tsc --noEmit

src/app/(creator)/produk-digital/create/page.client.tsx(394,39): error TS17002: Expected corresponding JSX closing tag for 'Row'.
